[]*types.Dashboard{&types.Dashboard{
	ID:    1,
	Title: "test dashboard",
}}
